// Jest Snapshot v1, https://goo.gl/fbAQLP

exports[`AppComponent should render correctlu 1`] = `
<fcl-root>
  <fcl-main-page />
</fcl-root>
`;
